[lsxs.me/jellyfish/index.html]
[www.google-analytics.com/analytics.js]
[backblue.gif]
[fade.gif]
[index.html]
[lsxs.me/jellyfish/images/favicon3.html]
[lsxs.me/jellyfish/css/style.css]
[lsxs.me/jellyfish/js/initWin.js]
[lsxs.me/jellyfish/js/lib/mjs.js]
[lsxs.me/jellyfish/js/initUniforms.js]
[lsxs.me/jellyfish/js/lib/jquery-1.4.2.min.js]
[lsxs.me/jellyfish/js/initTextures.js]
[lsxs.me/jellyfish/js/initShaders.js]
[lsxs.me/jellyfish/js/initBuffers.js]
[lsxs.me/jellyfish/js/interact.js]
[lsxs.me/jellyfish/js/debug.js]
[lsxs.me/jellyfish/js/tick.js]
[lsxs.me/jellyfish/js/simulator.js]
[lsxs.me/jellyfish/js/drawJellyfish.js]
[lsxs.me/jellyfish/js/drawScene.js]
[lsxs.me/jellyfish/index.html]
[lsxs.me/jellyfish/images/images/favicon3.html]
[cdnjs.cloudflare.com/ajax/libs/three.js/r124/three.min.js]
[baronwatts.com/scripts/LegacyJSONLoader.js]
[unpkg.com/three@0.126.0/examples/js/loaders/GLTFLoader.js]
[cdnjs.cloudflare.com/ajax/libs/dat-gui/0.5/dat.gui.min.js]
[threejs.org/examples/js/postprocessing/EffectComposer.js]
[threejs.org/examples/js/postprocessing/ShaderPass.js]
[threejs.org/examples/js/postprocessing/RenderPass.js]
[threejs.org/examples/js/postprocessing/MaskPass.js]
[threejs.org/examples/js/shaders/CopyShader.js]
[threejs.org/examples/js/shaders/HorizontalTiltShiftShader.js]
[baronwatts.com/scripts/modifier.js]
[cdn.jsdelivr.net/gh/schteppe/cannon.js@master/build/cannon.js]
[upload.wikimedia.org/wikipedia/commons/5/57/Heightmap.png]
[raw.githubusercontent.com/baronwatts/images/master/dogeflag1.png]
[raw.githubusercontent.com/baronwatts/models/master/moon-vehicle.js]
[raw.githubusercontent.com/baronwatts/models/master/snowflake.png]
[lsxs.me/jellyfish/images/favicon3.html]
[lsxs.me/jellyfish/css/style.css]
[lsxs.me/jellyfish/images/images/images/favicon3.html]
[lsxs.me/jellyfish/images/images/favicon3.html]
[raw.githubusercontent.com/baronwatts/models/master/moon-vehicle.js]
[lsxs.me/jellyfish/images/images/images/images/favicon3.html]
[lsxs.me/jellyfish/images/images/images/favicon3.html]
[lsxs.me/jellyfish/images/images/images/images/images/favicon3.html]
[lsxs.me/jellyfish/images/images/images/images/favicon3.html]
[lsxs.me/jellyfish/images/images/images/images/images/images/favicon3.html]
[lsxs.me/jellyfish/images/images/images/images/images/favicon3.html]
[lsxs.me/jellyfish/images/images/images/images/images/images/images/favicon3.html]
[lsxs.me/jellyfish/images/images/images/images/images/images/favicon3.html]
[lsxs.me/jellyfish/images/images/images/images/images/images/images/images/favicon3.html]
[lsxs.me/jellyfish/images/images/images/images/images/images/images/favicon3.html]
[lsxs.me/jellyfish/images/images/images/images/images/images/images/images/images/favicon3.html]
[lsxs.me/jellyfish/images/images/images/images/images/images/images/images/favicon3.html]
[lsxs.me/jellyfish/images/images/images/images/images/images/images/images/images/images/favicon3.html]
[lsxs.me/jellyfish/images/images/images/images/images/images/images/images/images/favicon3.html]
[lsxs.me/jellyfish/images/images/images/images/images/images/images/images/images/images/images/favicon3.html]
[lsxs.me/jellyfish/images/images/images/images/images/images/images/images/images/images/favicon3.html]
[lsxs.me/jellyfish/images/images/images/images/images/images/images/images/images/images/images/images/favicon3.html]
[lsxs.me/jellyfish/images/images/images/images/images/images/images/images/images/images/images/favicon3.html]
[lsxs.me/jellyfish/images/images/images/images/images/images/images/images/images/images/images/images/images/favicon3.html]
[lsxs.me/jellyfish/images/images/images/images/images/images/images/images/images/images/images/images/favicon3.html]
[lsxs.me/jellyfish/images/images/images/images/images/images/images/images/images/images/images/images/images/images/favicon3.html]
[lsxs.me/jellyfish/images/images/images/images/images/images/images/images/images/images/images/images/images/favicon3.html]
[lsxs.me/jellyfish/images/images/images/images/images/images/images/images/images/images/images/images/images/images/images/favicon3.html]
[lsxs.me/jellyfish/images/images/images/images/images/images/images/images/images/images/images/images/images/images/favicon3.html]
[lsxs.me/jellyfish/images/images/images/images/images/images/images/images/images/images/images/images/images/images/images/images/favicon3.html]
[lsxs.me/jellyfish/images/images/images/images/images/images/images/images/images/images/images/images/images/images/images/favicon3.html]
[lsxs.me/jellyfish/images/images/images/images/images/images/images/images/images/images/images/images/images/images/images/images/images/favicon3.html]
[lsxs.me/jellyfish/images/images/images/images/images/images/images/images/images/images/images/images/images/images/images/images/favicon3.html]
[lsxs.me/jellyfish/images/images/images/images/images/images/images/images/images/images/images/images/images/images/images/images/images/images/favicon3.html]
[lsxs.me/jellyfish/images/images/images/images/images/images/images/images/images/images/images/images/images/images/images/images/images/favicon3.html]
[lsxs.me/jellyfish/images/images/images/images/images/images/images/images/images/images/images/images/images/images/images/images/images/images/images/favicon3.html]
[lsxs.me/jellyfish/images/images/images/images/images/images/images/images/images/images/images/images/images/images/images/images/images/images/favicon3.html]
[lsxs.me/jellyfish/images/images/images/images/images/images/images/images/images/images/images/images/images/images/images/images/images/images/images/images/favicon3.html]
[lsxs.me/jellyfish/images/images/images/images/images/images/images/images/images/images/images/images/images/images/images/images/images/images/images/favicon3.html]
[lsxs.me/jellyfish/images/images/images/images/images/images/images/images/images/images/images/images/images/images/images/images/images/images/images/images/images/favicon3.html]
[lsxs.me/jellyfish/images/images/images/images/images/images/images/images/images/images/images/images/images/images/images/images/images/images/images/images/favicon3.html]
[lsxs.me/jellyfish/images/images/images/images/images/images/images/images/images/images/images/images/images/images/images/images/images/images/images/images/images/images/favicon3.html]
[lsxs.me/jellyfish/images/images/images/images/images/images/images/images/images/images/images/images/images/images/images/images/images/images/images/images/images/favicon3.html]
[lsxs.me/jellyfish/images/images/images/images/images/images/images/images/images/images/images/images/images/images/images/images/images/images/images/images/images/images/images/favicon3.html]
[lsxs.me/jellyfish/images/images/images/images/images/images/images/images/images/images/images/images/images/images/images/images/images/images/images/images/images/images/favicon3.html]
[lsxs.me/jellyfish/images/images/images/images/images/images/images/images/images/images/images/images/images/images/images/images/images/images/images/images/images/images/images/favicon3.html]
[lsxs.me/jellyfish/images/images/images/images/images/images/images/images/images/images/images/images/images/images/images/images/images/images/images/images/images/images/images/ima/favicon3.38.delaye]
[lsxs.me/jellyfish/images/images/images/images/images/images/images/images/images/images/images/images/images/images/images/images/images/images/images/images/images/images/images/ima/favicon3.38.delaye]
[lsxs.me/jellyfish/images/images/images/images/images/images/images/images/images/images/images/images/images/images/images/images/images/images/images/images/images/images/images/ima/favicon3.39.delaye]
[lsxs.me/jellyfish/images/images/images/images/images/images/images/images/images/images/images/images/images/images/images/images/images/images/images/images/images/images/images/ima/favicon3.39.delaye]
[lsxs.me/jellyfish/images/images/images/images/images/images/images/images/images/images/images/images/images/images/images/images/images/images/images/images/images/images/images/ima/favicon3.3a.delaye]
[lsxs.me/jellyfish/images/images/images/images/images/images/images/images/images/images/images/images/images/images/images/images/images/images/images/images/images/images/images/ima/favicon3.3a.delaye]
[lsxs.me/jellyfish/images/images/images/images/images/images/images/images/images/images/images/images/images/images/images/images/images/images/images/images/images/images/images/ima/favicon3.3b.delaye]
[lsxs.me/jellyfish/images/images/images/images/images/images/images/images/images/images/images/images/images/images/images/images/images/images/images/images/images/images/images/ima/favicon3.3b.delaye]
[lsxs.me/jellyfish/images/images/images/images/images/images/images/images/images/images/images/images/images/images/images/images/images/images/images/images/images/images/images/ima/favicon3.3c.delaye]
[lsxs.me/jellyfish/images/images/images/images/images/images/images/images/images/images/images/images/images/images/images/images/images/images/images/images/images/images/images/ima/favicon3.3c.delaye]
[lsxs.me/jellyfish/images/images/images/images/images/images/images/images/images/images/images/images/images/images/images/images/images/images/images/images/images/images/images/ima/favicon3.3d.delaye]
[lsxs.me/jellyfish/images/images/images/images/images/images/images/images/images/images/images/images/images/images/images/images/images/images/images/images/images/images/images/ima/favicon3.3d.delaye]
[lsxs.me/jellyfish/images/images/images/images/images/images/images/images/images/images/images/images/images/images/images/images/images/images/images/images/images/images/images/ima/favicon3.3e.delaye]
[lsxs.me/jellyfish/images/images/images/images/images/images/images/images/images/images/images/images/images/images/images/images/images/images/images/images/images/images/images/ima/favicon3.3e.delaye]
[lsxs.me/jellyfish/images/images/images/images/images/images/images/images/images/images/images/images/images/images/images/images/images/images/images/images/images/images/images/ima/favicon3.3f.delaye]
[lsxs.me/jellyfish/images/images/images/images/images/images/images/images/images/images/images/images/images/images/images/images/images/images/images/images/images/images/images/ima/favicon3.3f.delaye]
[lsxs.me/jellyfish/images/images/images/images/images/images/images/images/images/images/images/images/images/images/images/images/images/images/images/images/images/images/images/ima/favicon3.40.delaye]
[lsxs.me/jellyfish/images/images/images/images/images/images/images/images/images/images/images/images/images/images/images/images/images/images/images/images/images/images/images/ima/favicon3.40.delaye]
[lsxs.me/jellyfish/images/images/images/images/images/images/images/images/images/images/images/images/images/images/images/images/images/images/images/images/images/images/images/ima/favicon3.41.delaye]
[lsxs.me/jellyfish/images/images/images/images/images/images/images/images/images/images/images/images/images/images/images/images/images/images/images/images/images/images/images/ima/favicon3.41.delaye]
[lsxs.me/jellyfish/images/images/images/images/images/images/images/images/images/images/images/images/images/images/images/images/images/images/images/images/images/images/images/ima/favicon3.42.delaye]
[lsxs.me/jellyfish/images/images/images/images/images/images/images/images/images/images/images/images/images/images/images/images/images/images/images/images/images/images/images/ima/favicon3.42.delaye]
[lsxs.me/jellyfish/images/images/images/images/images/images/images/images/images/images/images/images/images/images/images/images/images/images/images/images/images/images/images/ima/favicon3.43.delaye]
[lsxs.me/jellyfish/images/images/images/images/images/images/images/images/images/images/images/images/images/images/images/images/images/images/images/images/images/images/images/ima/favicon3.43.delaye]
[lsxs.me/jellyfish/images/images/images/images/images/images/images/images/images/images/images/images/images/images/images/images/images/images/images/images/images/images/images/ima/favicon3.44.delaye]
[lsxs.me/jellyfish/images/images/images/images/images/images/images/images/images/images/images/images/images/images/images/images/images/images/images/images/images/images/images/ima/favicon3.44.delaye]
[lsxs.me/jellyfish/images/images/images/images/images/images/images/images/images/images/images/images/images/images/images/images/images/images/images/images/images/images/images/ima/favicon3.45.delaye]
[lsxs.me/jellyfish/images/images/images/images/images/images/images/images/images/images/images/images/images/images/images/images/images/images/images/images/images/images/images/ima/favicon3.45.delaye]
[lsxs.me/jellyfish/images/images/images/images/images/images/images/images/images/images/images/images/images/images/images/images/images/images/images/images/images/images/images/ima/favicon3.46.delaye]
[lsxs.me/jellyfish/images/images/images/images/images/images/images/images/images/images/images/images/images/images/images/images/images/images/images/images/images/images/images/ima/favicon3.46.delaye]
[lsxs.me/jellyfish/images/images/images/images/images/images/images/images/images/images/images/images/images/images/images/images/images/images/images/images/images/images/images/ima/favicon3.47.delaye]
[lsxs.me/jellyfish/images/images/images/images/images/images/images/images/images/images/images/images/images/images/images/images/images/images/images/images/images/images/images/ima/favicon3.47.delaye]
[lsxs.me/jellyfish/images/images/images/images/images/images/images/images/images/images/images/images/images/images/images/images/images/images/images/images/images/images/images/ima/favicon3.48.delaye]
[lsxs.me/jellyfish/images/images/images/images/images/images/images/images/images/images/images/images/images/images/images/images/images/images/images/images/images/images/images/ima/favicon3.48.delaye]
[lsxs.me/jellyfish/images/images/images/images/images/images/images/images/images/images/images/images/images/images/images/images/images/images/images/images/images/images/images/ima/favicon3.49.delaye]
[lsxs.me/jellyfish/images/images/images/images/images/images/images/images/images/images/images/images/images/images/images/images/images/images/images/images/images/images/images/ima/favicon3.49.delaye]
[lsxs.me/jellyfish/images/images/images/images/images/images/images/images/images/images/images/images/images/images/images/images/images/images/images/images/images/images/images/ima/favicon3.4a.delaye]
[lsxs.me/jellyfish/images/images/images/images/images/images/images/images/images/images/images/images/images/images/images/images/images/images/images/images/images/images/images/ima/favicon3.4a.delaye]
[lsxs.me/jellyfish/images/images/images/images/images/images/images/images/images/images/images/images/images/images/images/images/images/images/images/images/images/images/images/ima/favicon3.4b.delaye]
[lsxs.me/jellyfish/images/images/images/images/images/images/images/images/images/images/images/images/images/images/images/images/images/images/images/images/images/images/images/ima/favicon3.4b.delaye]
[lsxs.me/jellyfish/images/images/images/images/images/images/images/images/images/images/images/images/images/images/images/images/images/images/images/images/images/images/images/ima/favicon3.4c.delaye]
[lsxs.me/jellyfish/images/images/images/images/images/images/images/images/images/images/images/images/images/images/images/images/images/images/images/images/images/images/images/ima/favicon3.4c.delaye]
[lsxs.me/jellyfish/images/images/images/images/images/images/images/images/images/images/images/images/images/images/images/images/images/images/images/images/images/images/images/ima/favicon3.4d.delaye]
[lsxs.me/jellyfish/images/images/images/images/images/images/images/images/images/images/images/images/images/images/images/images/images/images/images/images/images/images/images/ima/favicon3.4d.delaye]
[lsxs.me/jellyfish/images/images/images/images/images/images/images/images/images/images/images/images/images/images/images/images/images/images/images/images/images/images/images/ima/favicon3.4e.delaye]
[lsxs.me/jellyfish/images/images/images/images/images/images/images/images/images/images/images/images/images/images/images/images/images/images/images/images/images/images/images/ima/favicon3.4e.delaye]
[lsxs.me/jellyfish/images/images/images/images/images/images/images/images/images/images/images/images/images/images/images/images/images/images/images/images/images/images/images/ima/favicon3.4f.delaye]
[lsxs.me/jellyfish/images/images/images/images/images/images/images/images/images/images/images/images/images/images/images/images/images/images/images/images/images/images/images/ima/favicon3.4f.delaye]
[lsxs.me/jellyfish/images/images/images/images/images/images/images/images/images/images/images/images/images/images/images/images/images/images/images/images/images/images/images/ima/favicon3.50.delaye]
[lsxs.me/jellyfish/images/images/images/images/images/images/images/images/images/images/images/images/images/images/images/images/images/images/images/images/images/images/images/ima/favicon3.50.delaye]
[lsxs.me/jellyfish/images/images/images/images/images/images/images/images/images/images/images/images/images/images/images/images/images/images/images/images/images/images/images/ima/favicon3.51.delaye]
[lsxs.me/jellyfish/images/images/images/images/images/images/images/images/images/images/images/images/images/images/images/images/images/images/images/images/images/images/images/ima/favicon3.51.delaye]
[lsxs.me/jellyfish/images/images/images/images/images/images/images/images/images/images/images/images/images/images/images/images/images/images/images/images/images/images/images/ima/favicon3.52.delaye]
[lsxs.me/jellyfish/images/images/images/images/images/images/images/images/images/images/images/images/images/images/images/images/images/images/images/images/images/images/images/ima/favicon3.52.delaye]
[lsxs.me/jellyfish/images/images/images/images/images/images/images/images/images/images/images/images/images/images/images/images/images/images/images/images/images/images/images/ima/favicon3.53.delaye]
[lsxs.me/jellyfish/images/images/images/images/images/images/images/images/images/images/images/images/images/images/images/images/images/images/images/images/images/images/images/ima/favicon3.53.delaye]
[lsxs.me/jellyfish/images/images/images/images/images/images/images/images/images/images/images/images/images/images/images/images/images/images/images/images/images/images/images/ima/favicon3.54.delaye]
[lsxs.me/jellyfish/images/images/images/images/images/images/images/images/images/images/images/images/images/images/images/images/images/images/images/images/images/images/images/ima/favicon3.54.delaye]
[lsxs.me/jellyfish/images/images/images/images/images/images/images/images/images/images/images/images/images/images/images/images/images/images/images/images/images/images/images/ima/favicon3.55.delaye]
[lsxs.me/jellyfish/images/images/images/images/images/images/images/images/images/images/images/images/images/images/images/images/images/images/images/images/images/images/images/ima/favicon3.55.delaye]
[lsxs.me/jellyfish/images/images/images/images/images/images/images/images/images/images/images/images/images/images/images/images/images/images/images/images/images/images/images/ima/favicon3.56.delaye]
[lsxs.me/jellyfish/images/images/images/images/images/images/images/images/images/images/images/images/images/images/images/images/images/images/images/images/images/images/images/ima/favicon3.56.delaye]
[lsxs.me/jellyfish/images/images/images/images/images/images/images/images/images/images/images/images/images/images/images/images/images/images/images/images/images/images/images/ima/favicon3.57.delaye]
[lsxs.me/jellyfish/images/images/images/images/images/images/images/images/images/images/images/images/images/images/images/images/images/images/images/images/images/images/images/ima/favicon3.57.delaye]
[lsxs.me/jellyfish/images/images/images/images/images/images/images/images/images/images/images/images/images/images/images/images/images/images/images/images/images/images/images/ima/favicon3.58.delaye]
[lsxs.me/jellyfish/images/images/images/images/images/images/images/images/images/images/images/images/images/images/images/images/images/images/images/images/images/images/images/ima/favicon3.58.delaye]
[lsxs.me/jellyfish/images/images/images/images/images/images/images/images/images/images/images/images/images/images/images/images/images/images/images/images/images/images/images/ima/favicon3.59.delaye]
[lsxs.me/jellyfish/images/images/images/images/images/images/images/images/images/images/images/images/images/images/images/images/images/images/images/images/images/images/images/ima/favicon3.59.delaye]
[lsxs.me/jellyfish/images/images/images/images/images/images/images/images/images/images/images/images/images/images/images/images/images/images/images/images/images/images/images/ima/favicon3.5a.delaye]
[lsxs.me/jellyfish/images/images/images/images/images/images/images/images/images/images/images/images/images/images/images/images/images/images/images/images/images/images/images/ima/favicon3.5a.delaye]
[lsxs.me/jellyfish/images/images/images/images/images/images/images/images/images/images/images/images/images/images/images/images/images/images/images/images/images/images/images/ima/favicon3.5b.delaye]
[lsxs.me/jellyfish/images/images/images/images/images/images/images/images/images/images/images/images/images/images/images/images/images/images/images/images/images/images/images/ima/favicon3.5b.delaye]
[lsxs.me/jellyfish/images/images/images/images/images/images/images/images/images/images/images/images/images/images/images/images/images/images/images/images/images/images/images/ima/favicon3.5c.delaye]
[lsxs.me/jellyfish/images/images/images/images/images/images/images/images/images/images/images/images/images/images/images/images/images/images/images/images/images/images/images/ima/favicon3.5c.delaye]
[lsxs.me/jellyfish/images/images/images/images/images/images/images/images/images/images/images/images/images/images/images/images/images/images/images/images/images/images/images/ima/favicon3.5d.delaye]
[lsxs.me/jellyfish/images/images/images/images/images/images/images/images/images/images/images/images/images/images/images/images/images/images/images/images/images/images/images/ima/favicon3.5d.delaye]
[lsxs.me/jellyfish/images/images/images/images/images/images/images/images/images/images/images/images/images/images/images/images/images/images/images/images/images/images/images/ima/favicon3.5e.delaye]
[lsxs.me/jellyfish/images/images/images/images/images/images/images/images/images/images/images/images/images/images/images/images/images/images/images/images/images/images/images/ima/favicon3.5e.delaye]
[lsxs.me/jellyfish/images/images/images/images/images/images/images/images/images/images/images/images/images/images/images/images/images/images/images/images/images/images/images/ima/favicon3.5f.delaye]
[lsxs.me/jellyfish/images/images/images/images/images/images/images/images/images/images/images/images/images/images/images/images/images/images/images/images/images/images/images/ima/favicon3.5f.delaye]
[lsxs.me/jellyfish/images/images/images/images/images/images/images/images/images/images/images/images/images/images/images/images/images/images/images/images/images/images/images/ima/favicon3.60.delaye]
[lsxs.me/jellyfish/images/images/images/images/images/images/images/images/images/images/images/images/images/images/images/images/images/images/images/images/images/images/images/ima/favicon3.60.delaye]
[lsxs.me/jellyfish/images/images/images/images/images/images/images/images/images/images/images/images/images/images/images/images/images/images/images/images/images/images/images/ima/favicon3.61.delaye]
[lsxs.me/jellyfish/images/images/images/images/images/images/images/images/images/images/images/images/images/images/images/images/images/images/images/images/images/images/images/ima/favicon3.61.delaye]
[lsxs.me/jellyfish/images/images/images/images/images/images/images/images/images/images/images/images/images/images/images/images/images/images/images/images/images/images/images/ima/favicon3.62.delaye]
[lsxs.me/jellyfish/images/images/images/images/images/images/images/images/images/images/images/images/images/images/images/images/images/images/images/images/images/images/images/ima/favicon3.62.delaye]
[lsxs.me/jellyfish/images/images/images/images/images/images/images/images/images/images/images/images/images/images/images/images/images/images/images/images/images/images/images/ima/favicon3.63.delaye]
[lsxs.me/jellyfish/images/images/images/images/images/images/images/images/images/images/images/images/images/images/images/images/images/images/images/images/images/images/images/ima/favicon3.63.delaye]
[lsxs.me/jellyfish/images/images/images/images/images/images/images/images/images/images/images/images/images/images/images/images/images/images/images/images/images/images/images/ima/favicon3.64.delaye]
[lsxs.me/jellyfish/images/images/images/images/images/images/images/images/images/images/images/images/images/images/images/images/images/images/images/images/images/images/images/ima/favicon3.64.delaye]
[lsxs.me/jellyfish/images/images/images/images/images/images/images/images/images/images/images/images/images/images/images/images/images/images/images/images/images/images/images/ima/favicon3.65.delaye]
[lsxs.me/jellyfish/images/images/images/images/images/images/images/images/images/images/images/images/images/images/images/images/images/images/images/images/images/images/images/ima/favicon3.65.delaye]
[lsxs.me/jellyfish/images/images/images/images/images/images/images/images/images/images/images/images/images/images/images/images/images/images/images/images/images/images/images/ima/favicon3.66.delaye]
[lsxs.me/jellyfish/images/images/images/images/images/images/images/images/images/images/images/images/images/images/images/images/images/images/images/images/images/images/images/ima/favicon3.66.delaye]
[lsxs.me/jellyfish/images/images/images/images/images/images/images/images/images/images/images/images/images/images/images/images/images/images/images/images/images/images/images/ima/favicon3.67.delaye]
[lsxs.me/jellyfish/images/images/images/images/images/images/images/images/images/images/images/images/images/images/images/images/images/images/images/images/images/images/images/ima/favicon3.67.delaye]
[lsxs.me/jellyfish/images/images/images/images/images/images/images/images/images/images/images/images/images/images/images/images/images/images/images/images/images/images/images/ima/favicon3.68.delaye]
[lsxs.me/jellyfish/images/images/images/images/images/images/images/images/images/images/images/images/images/images/images/images/images/images/images/images/images/images/images/ima/favicon3.68.delaye]
[lsxs.me/jellyfish/images/images/images/images/images/images/images/images/images/images/images/images/images/images/images/images/images/images/images/images/images/images/images/ima/favicon3.69.delaye]
[lsxs.me/jellyfish/images/images/images/images/images/images/images/images/images/images/images/images/images/images/images/images/images/images/images/images/images/images/images/ima/favicon3.69.delaye]
[lsxs.me/jellyfish/images/images/images/images/images/images/images/images/images/images/images/images/images/images/images/images/images/images/images/images/images/images/images/ima/favicon3.6a.delaye]
[lsxs.me/jellyfish/images/images/images/images/images/images/images/images/images/images/images/images/images/images/images/images/images/images/images/images/images/images/images/ima/favicon3.6a.delaye]
[lsxs.me/jellyfish/images/images/images/images/images/images/images/images/images/images/images/images/images/images/images/images/images/images/images/images/images/images/images/ima/favicon3.6b.delaye]
[lsxs.me/jellyfish/images/images/images/images/images/images/images/images/images/images/images/images/images/images/images/images/images/images/images/images/images/images/images/ima/favicon3.6b.delaye]
[lsxs.me/jellyfish/images/images/images/images/images/images/images/images/images/images/images/images/images/images/images/images/images/images/images/images/images/images/images/ima/favicon3.6c.delaye]
[lsxs.me/jellyfish/images/images/images/images/images/images/images/images/images/images/images/images/images/images/images/images/images/images/images/images/images/images/images/ima/favicon3.6c.delaye]
[lsxs.me/jellyfish/images/images/images/images/images/images/images/images/images/images/images/images/images/images/images/images/images/images/images/images/images/images/images/ima/favicon3.6d.delaye]
[lsxs.me/jellyfish/images/images/images/images/images/images/images/images/images/images/images/images/images/images/images/images/images/images/images/images/images/images/images/ima/favicon3.6d.delaye]
[lsxs.me/jellyfish/images/images/images/images/images/images/images/images/images/images/images/images/images/images/images/images/images/images/images/images/images/images/images/ima/favicon3.6e.delaye]
[lsxs.me/jellyfish/images/images/images/images/images/images/images/images/images/images/images/images/images/images/images/images/images/images/images/images/images/images/images/ima/favicon3.6e.delaye]
[lsxs.me/jellyfish/images/images/images/images/images/images/images/images/images/images/images/images/images/images/images/images/images/images/images/images/images/images/images/ima/favicon3.6f.delaye]
[lsxs.me/jellyfish/images/images/images/images/images/images/images/images/images/images/images/images/images/images/images/images/images/images/images/images/images/images/images/ima/favicon3.6f.delaye]
[lsxs.me/jellyfish/images/images/images/images/images/images/images/images/images/images/images/images/images/images/images/images/images/images/images/images/images/images/images/ima/favicon3.70.delaye]
[lsxs.me/jellyfish/images/images/images/images/images/images/images/images/images/images/images/images/images/images/images/images/images/images/images/images/images/images/images/ima/favicon3.70.delaye]
[lsxs.me/jellyfish/images/images/images/images/images/images/images/images/images/images/images/images/images/images/images/images/images/images/images/images/images/images/images/ima/favicon3.71.delaye]
[lsxs.me/jellyfish/images/images/images/images/images/images/images/images/images/images/images/images/images/images/images/images/images/images/images/images/images/images/images/ima/favicon3.71.delaye]
[lsxs.me/jellyfish/images/images/images/images/images/images/images/images/images/images/images/images/images/images/images/images/images/images/images/images/images/images/images/ima/favicon3.72.delaye]
[lsxs.me/jellyfish/images/images/images/images/images/images/images/images/images/images/images/images/images/images/images/images/images/images/images/images/images/images/images/ima/favicon3.72.delaye]
[lsxs.me/jellyfish/images/images/images/images/images/images/images/images/images/images/images/images/images/images/images/images/images/images/images/images/images/images/images/ima/favicon3.73.delaye]
[lsxs.me/jellyfish/images/images/images/images/images/images/images/images/images/images/images/images/images/images/images/images/images/images/images/images/images/images/images/ima/favicon3.73.delaye]
[lsxs.me/jellyfish/images/images/images/images/images/images/images/images/images/images/images/images/images/images/images/images/images/images/images/images/images/images/images/ima/favicon3.74.delaye]
[lsxs.me/jellyfish/images/images/images/images/images/images/images/images/images/images/images/images/images/images/images/images/images/images/images/images/images/images/images/ima/favicon3.74.delaye]
[lsxs.me/jellyfish/images/images/images/images/images/images/images/images/images/images/images/images/images/images/images/images/images/images/images/images/images/images/images/ima/favicon3.75.delaye]
[lsxs.me/jellyfish/images/images/images/images/images/images/images/images/images/images/images/images/images/images/images/images/images/images/images/images/images/images/images/ima/favicon3.75.delaye]
[lsxs.me/jellyfish/images/images/images/images/images/images/images/images/images/images/images/images/images/images/images/images/images/images/images/images/images/images/images/ima/favicon3.76.delaye]
[lsxs.me/jellyfish/images/images/images/images/images/images/images/images/images/images/images/images/images/images/images/images/images/images/images/images/images/images/images/ima/favicon3.76.delaye]
[lsxs.me/jellyfish/images/images/images/images/images/images/images/images/images/images/images/images/images/images/images/images/images/images/images/images/images/images/images/ima/favicon3.77.delaye]
[lsxs.me/jellyfish/images/images/images/images/images/images/images/images/images/images/images/images/images/images/images/images/images/images/images/images/images/images/images/ima/favicon3.77.delaye]
[lsxs.me/jellyfish/images/images/images/images/images/images/images/images/images/images/images/images/images/images/images/images/images/images/images/images/images/images/images/ima/favicon3.78.delaye]
[lsxs.me/jellyfish/images/images/images/images/images/images/images/images/images/images/images/images/images/images/images/images/images/images/images/images/images/images/images/ima/favicon3.78.delaye]
[lsxs.me/jellyfish/images/images/images/images/images/images/images/images/images/images/images/images/images/images/images/images/images/images/images/images/images/images/images/ima/favicon3.79.delaye]
[lsxs.me/jellyfish/images/images/images/images/images/images/images/images/images/images/images/images/images/images/images/images/images/images/images/images/images/images/images/ima/favicon3.79.delaye]
[lsxs.me/jellyfish/images/images/images/images/images/images/images/images/images/images/images/images/images/images/images/images/images/images/images/images/images/images/images/ima/favicon3.7a.delaye]
[lsxs.me/jellyfish/images/images/images/images/images/images/images/images/images/images/images/images/images/images/images/images/images/images/images/images/images/images/images/ima/favicon3.7a.delaye]
[lsxs.me/jellyfish/images/images/images/images/images/images/images/images/images/images/images/images/images/images/images/images/images/images/images/images/images/images/images/ima/favicon3.7b.delaye]
[lsxs.me/jellyfish/images/images/images/images/images/images/images/images/images/images/images/images/images/images/images/images/images/images/images/images/images/images/images/ima/favicon3.7b.delaye]
[lsxs.me/jellyfish/images/images/images/images/images/images/images/images/images/images/images/images/images/images/images/images/images/images/images/images/images/images/images/ima/favicon3.7c.delaye]
[lsxs.me/jellyfish/images/images/images/images/images/images/images/images/images/images/images/images/images/images/images/images/images/images/images/images/images/images/images/ima/favicon3.7c.delaye]
[lsxs.me/jellyfish/images/images/images/images/images/images/images/images/images/images/images/images/images/images/images/images/images/images/images/images/images/images/images/ima/favicon3.7d.delaye]
[lsxs.me/jellyfish/images/images/images/images/images/images/images/images/images/images/images/images/images/images/images/images/images/images/images/images/images/images/images/ima/favicon3.7d.delaye]
[lsxs.me/jellyfish/images/images/images/images/images/images/images/images/images/images/images/images/images/images/images/images/images/images/images/images/images/images/images/ima/favicon3.7e.delaye]
[lsxs.me/jellyfish/images/images/images/images/images/images/images/images/images/images/images/images/images/images/images/images/images/images/images/images/images/images/images/ima/favicon3.7e.delaye]
[lsxs.me/jellyfish/images/images/images/images/images/images/images/images/images/images/images/images/images/images/images/images/images/images/images/images/images/images/images/ima/favicon3.7f.delaye]
[lsxs.me/jellyfish/images/images/images/images/images/images/images/images/images/images/images/images/images/images/images/images/images/images/images/images/images/images/images/ima/favicon3.7f.delaye]
[lsxs.me/jellyfish/images/images/images/images/images/images/images/images/images/images/images/images/images/images/images/images/images/images/images/images/images/images/images/ima/favicon3.80.delaye]
[lsxs.me/jellyfish/images/images/images/images/images/images/images/images/images/images/images/images/images/images/images/images/images/images/images/images/images/images/images/ima/favicon3.80.delaye]
[lsxs.me/jellyfish/images/images/images/images/images/images/images/images/images/images/images/images/images/images/images/images/images/images/images/images/images/images/images/ima/favicon3.81.delaye]
[lsxs.me/jellyfish/images/images/images/images/images/images/images/images/images/images/images/images/images/images/images/images/images/images/images/images/images/images/images/ima/favicon3.81.delaye]
[lsxs.me/jellyfish/images/images/images/images/images/images/images/images/images/images/images/images/images/images/images/images/images/images/images/images/images/images/images/ima/favicon3.82.delaye]
[lsxs.me/jellyfish/images/images/images/images/images/images/images/images/images/images/images/images/images/images/images/images/images/images/images/images/images/images/images/ima/favicon3.82.delaye]
[lsxs.me/jellyfish/images/images/images/images/images/images/images/images/images/images/images/images/images/images/images/images/images/images/images/images/images/images/images/ima/favicon3.83.delaye]
[lsxs.me/jellyfish/images/images/images/images/images/images/images/images/images/images/images/images/images/images/images/images/images/images/images/images/images/images/images/ima/favicon3.83.delaye]
[lsxs.me/jellyfish/images/images/images/images/images/images/images/images/images/images/images/images/images/images/images/images/images/images/images/images/images/images/images/ima/favicon3.84.delaye]
[lsxs.me/jellyfish/images/images/images/images/images/images/images/images/images/images/images/images/images/images/images/images/images/images/images/images/images/images/images/ima/favicon3.84.delaye]
[lsxs.me/jellyfish/images/images/images/images/images/images/images/images/images/images/images/images/images/images/images/images/images/images/images/images/images/images/images/ima/favicon3.85.delaye]
[lsxs.me/jellyfish/images/images/images/images/images/images/images/images/images/images/images/images/images/images/images/images/images/images/images/images/images/images/images/ima/favicon3.85.delaye]
[lsxs.me/jellyfish/images/images/images/images/images/images/images/images/images/images/images/images/images/images/images/images/images/images/images/images/images/images/images/ima/favicon3.86.delaye]
[lsxs.me/jellyfish/images/images/images/images/images/images/images/images/images/images/images/images/images/images/images/images/images/images/images/images/images/images/images/ima/favicon3.86.delaye]
[lsxs.me/jellyfish/images/images/images/images/images/images/images/images/images/images/images/images/images/images/images/images/images/images/images/images/images/images/images/ima/favicon3.87.delaye]
[lsxs.me/jellyfish/images/images/images/images/images/images/images/images/images/images/images/images/images/images/images/images/images/images/images/images/images/images/images/ima/favicon3.87.delaye]
[lsxs.me/jellyfish/images/images/images/images/images/images/images/images/images/images/images/images/images/images/images/images/images/images/images/images/images/images/images/ima/favicon3.88.delaye]
[lsxs.me/jellyfish/images/images/images/images/images/images/images/images/images/images/images/images/images/images/images/images/images/images/images/images/images/images/images/ima/favicon3.88.delaye]
[lsxs.me/jellyfish/images/images/images/images/images/images/images/images/images/images/images/images/images/images/images/images/images/images/images/images/images/images/images/ima/favicon3.89.delaye]
[lsxs.me/jellyfish/images/images/images/images/images/images/images/images/images/images/images/images/images/images/images/images/images/images/images/images/images/images/images/ima/favicon3.89.delaye]
[lsxs.me/jellyfish/images/images/images/images/images/images/images/images/images/images/images/images/images/images/images/images/images/images/images/images/images/images/images/ima/favicon3.8a.delaye]
[lsxs.me/jellyfish/images/images/images/images/images/images/images/images/images/images/images/images/images/images/images/images/images/images/images/images/images/images/images/ima/favicon3.8a.delaye]
[lsxs.me/jellyfish/images/images/images/images/images/images/images/images/images/images/images/images/images/images/images/images/images/images/images/images/images/images/images/ima/favicon3.8b.delaye]
[lsxs.me/jellyfish/images/images/images/images/images/images/images/images/images/images/images/images/images/images/images/images/images/images/images/images/images/images/images/ima/favicon3.8b.delaye]
[lsxs.me/jellyfish/images/images/images/images/images/images/images/images/images/images/images/images/images/images/images/images/images/images/images/images/images/images/images/ima/favicon3.8c.delaye]
[lsxs.me/jellyfish/images/images/images/images/images/images/images/images/images/images/images/images/images/images/images/images/images/images/images/images/images/images/images/ima/favicon3.8c.delaye]
[lsxs.me/jellyfish/images/images/images/images/images/images/images/images/images/images/images/images/images/images/images/images/images/images/images/images/images/images/images/ima/favicon3.8d.delaye]
[lsxs.me/jellyfish/images/images/images/images/images/images/images/images/images/images/images/images/images/images/images/images/images/images/images/images/images/images/images/ima/favicon3.8d.delaye]
[lsxs.me/jellyfish/images/images/images/images/images/images/images/images/images/images/images/images/images/images/images/images/images/images/images/images/images/images/images/ima/favicon3.8e.delaye]
[lsxs.me/jellyfish/images/images/images/images/images/images/images/images/images/images/images/images/images/images/images/images/images/images/images/images/images/images/images/ima/favicon3.8e.delaye]
[lsxs.me/jellyfish/images/images/images/images/images/images/images/images/images/images/images/images/images/images/images/images/images/images/images/images/images/images/images/ima/favicon3.8f.delaye]
[lsxs.me/jellyfish/images/images/images/images/images/images/images/images/images/images/images/images/images/images/images/images/images/images/images/images/images/images/images/ima/favicon3.8f.delaye]
[lsxs.me/jellyfish/images/images/images/images/images/images/images/images/images/images/images/images/images/images/images/images/images/images/images/images/images/images/images/ima/favicon3.90.delaye]
[lsxs.me/jellyfish/images/images/images/images/images/images/images/images/images/images/images/images/images/images/images/images/images/images/images/images/images/images/images/ima/favicon3.90.delaye]
[lsxs.me/jellyfish/images/images/images/images/images/images/images/images/images/images/images/images/images/images/images/images/images/images/images/images/images/images/images/ima/favicon3.91.delaye]
[lsxs.me/jellyfish/images/images/images/images/images/images/images/images/images/images/images/images/images/images/images/images/images/images/images/images/images/images/images/ima/favicon3.91.delaye]
[lsxs.me/jellyfish/images/images/images/images/images/images/images/images/images/images/images/images/images/images/images/images/images/images/images/images/images/images/images/ima/favicon3.92.delaye]
[lsxs.me/jellyfish/images/images/images/images/images/images/images/images/images/images/images/images/images/images/images/images/images/images/images/images/images/images/images/ima/favicon3.92.delaye]
[lsxs.me/jellyfish/images/images/images/images/images/images/images/images/images/images/images/images/images/images/images/images/images/images/images/images/images/images/images/ima/favicon3.93.delaye]
[lsxs.me/jellyfish/images/images/images/images/images/images/images/images/images/images/images/images/images/images/images/images/images/images/images/images/images/images/images/ima/favicon3.93.delaye]
[lsxs.me/jellyfish/images/images/images/images/images/images/images/images/images/images/images/images/images/images/images/images/images/images/images/images/images/images/images/ima/favicon3.94.delaye]
[lsxs.me/jellyfish/images/images/images/images/images/images/images/images/images/images/images/images/images/images/images/images/images/images/images/images/images/images/images/ima/favicon3.94.delaye]
[lsxs.me/jellyfish/images/images/images/images/images/images/images/images/images/images/images/images/images/images/images/images/images/images/images/images/images/images/images/ima/favicon3.95.delaye]
[lsxs.me/jellyfish/images/images/images/images/images/images/images/images/images/images/images/images/images/images/images/images/images/images/images/images/images/images/images/ima/favicon3.95.delaye]
[lsxs.me/jellyfish/images/images/images/images/images/images/images/images/images/images/images/images/images/images/images/images/images/images/images/images/images/images/images/ima/favicon3.96.delaye]
[lsxs.me/jellyfish/images/images/images/images/images/images/images/images/images/images/images/images/images/images/images/images/images/images/images/images/images/images/images/ima/favicon3.96.delaye]
[lsxs.me/jellyfish/images/images/images/images/images/images/images/images/images/images/images/images/images/images/images/images/images/images/images/images/images/images/images/ima/favicon3.97.delaye]
[lsxs.me/jellyfish/images/images/images/images/images/images/images/images/images/images/images/images/images/images/images/images/images/images/images/images/images/images/images/ima/favicon3.97.delaye]
[lsxs.me/jellyfish/images/images/images/images/images/images/images/images/images/images/images/images/images/images/images/images/images/images/images/images/images/images/images/ima/favicon3.98.delaye]
[lsxs.me/jellyfish/images/images/images/images/images/images/images/images/images/images/images/images/images/images/images/images/images/images/images/images/images/images/images/ima/favicon3.98.delaye]
[lsxs.me/jellyfish/images/images/images/images/images/images/images/images/images/images/images/images/images/images/images/images/images/images/images/images/images/images/images/ima/favicon3.99.delaye]
[lsxs.me/jellyfish/images/images/images/images/images/images/images/images/images/images/images/images/images/images/images/images/images/images/images/images/images/images/images/ima/favicon3.99.delaye]
[lsxs.me/jellyfish/images/images/images/images/images/images/images/images/images/images/images/images/images/images/images/images/images/images/images/images/images/images/images/ima/favicon3.9a.delaye]
[lsxs.me/jellyfish/images/images/images/images/images/images/images/images/images/images/images/images/images/images/images/images/images/images/images/images/images/images/images/ima/favicon3.9a.delaye]
[lsxs.me/jellyfish/images/images/images/images/images/images/images/images/images/images/images/images/images/images/images/images/images/images/images/images/images/images/images/ima/favicon3.9b.delaye]
[lsxs.me/jellyfish/images/images/images/images/images/images/images/images/images/images/images/images/images/images/images/images/images/images/images/images/images/images/images/ima/favicon3.9b.delaye]
[lsxs.me/jellyfish/images/images/images/images/images/images/images/images/images/images/images/images/images/images/images/images/images/images/images/images/images/images/images/ima/favicon3.9c.delaye]
[lsxs.me/jellyfish/images/images/images/images/images/images/images/images/images/images/images/images/images/images/images/images/images/images/images/images/images/images/images/ima/favicon3.9c.delaye]
